{
  "titke": "Implement a handler",
  "status": "done"
}